<?xml version="1.0" encoding="utf-8"?><testsuites name="pytest tests"><testsuite name="pytest" errors="0" failures="0" skipped="2" tests="23" time="33.254" timestamp="2025-08-24T01:17:35.567298+02:00" hostname="AI-MONSTER"><testcase classname="tests.test_fastmcp_cli" name="test_fastmcp_cli_available" time="0.566"><skipped type="pytest.skip" message="FastMCP CLI niet beschikbaar: assert 1 == 0&#10; +  where 1 = CompletedProcess(args=['C:\\py_cursor-rules\\cursor_ratsenbergertest\\.venv\\Scripts\\python.exe', '-m', 'fastmcp', '-...venv\\Scripts\\python.exe: No module named fastmcp.__main__; 'fastmcp' is a package and cannot be directly executed\n&quot;).returncode">C:\py_cursor-rules\cursor_ratsenbergertest\tests\test_fastmcp_cli.py:18: FastMCP CLI niet beschikbaar: assert 1 == 0
 +  where 1 = CompletedProcess(args=['C:\\py_cursor-rules\\cursor_ratsenbergertest\\.venv\\Scripts\\python.exe', '-m', 'fastmcp', '-...venv\\Scripts\\python.exe: No module named fastmcp.__main__; 'fastmcp' is a package and cannot be directly executed\n").returncode</skipped></testcase><testcase classname="tests.test_fastmcp_cli" name="test_mcp_server_startup" time="0.944" /><testcase classname="tests.test_fastmcp_cli" name="test_project_structure" time="0.000" /><testcase classname="tests.test_fastmcp_cli" name="test_dependencies" time="0.271"><skipped type="pytest.skip" message="Ontbrekende dependency: No module named 'python_json_logger'">C:\py_cursor-rules\cursor_ratsenbergertest\tests\test_fastmcp_cli.py:67: Ontbrekende dependency: No module named 'python_json_logger'</skipped></testcase><testcase classname="tests.test_fastmcp_client" name="test_mcp_server_availability" time="0.000" /><testcase classname="tests.test_mcp_client" name="test_mcp_library_availability" time="0.000" /><testcase classname="tests.test_ollama_integration.TestOllamaRealIntegration" name="test_ollama_connection" time="0.066" /><testcase classname="tests.test_ollama_integration.TestOllamaRealIntegration" name="test_ollama_model_response" time="1.108" /><testcase classname="tests.test_ollama_integration.TestOllamaRealIntegration" name="test_mcp_server_with_ollama" time="29.244" /><testcase classname="tests.test_ollama_integration.TestOllamaRealIntegration" name="test_ollama_model_availability" time="0.034" /><testcase classname="tests.test_ollama_integration.TestOllamaPerformance" name="test_ollama_response_time" time="0.636" /><testcase classname="tests.test_pipeline.TestDocumentClassification" name="test_cv_classification" time="0.000" /><testcase classname="tests.test_pipeline.TestDocumentClassification" name="test_invoice_classification" time="0.000" /><testcase classname="tests.test_pipeline.TestTextExtraction" name="test_text_extraction_success" time="0.002" /><testcase classname="tests.test_pipeline.TestChunking" name="test_recursive_chunking" time="0.001" /><testcase classname="tests.test_pipeline.TestMerging" name="test_merge_partial_cv_data" time="0.000" /><testcase classname="tests.test_pipeline.TestMerging" name="test_merge_partial_invoice_data" time="0.001" /><testcase classname="tests.test_pipeline.TestPipeline" name="test_process_pdf_document_success" time="0.002" /><testcase classname="tests.test_pipeline.TestPipeline" name="test_process_pdf_document_extraction_error" time="0.002" /><testcase classname="tests.test_pipeline.TestPipeline" name="test_process_pdf_document_invoice_success" time="0.001" /><testcase classname="tests.test_pipeline.TestOllamaIntegration" name="test_extract_structured_data_success" time="0.022" /><testcase classname="tests.test_pipeline.TestOllamaIntegration" name="test_extract_structured_data_validation_error" time="0.002" /><testcase classname="tests.test_pipeline.TestOllamaIntegration" name="test_extract_structured_data_invoice_success" time="0.002" /></testsuite></testsuites>